// Jest Snapshot v1, https://goo.gl/fbAQLP

exports[`Should render Expenses Summary correctly 1`] = `
<div>
  <p>
    Viewing undefined  expenses totalling $0.00
  </p>
</div>
`;

exports[`Should render Expenses Summary correctly 2 1`] = `
<div>
  <p>
    Viewing undefined  expenses totalling $0.00
  </p>
</div>
`;
